// Jest Snapshot v1, https://goo.gl/fbAQLP

exports[`App should render App 1`] = `
"<ThemeProvider theme={{...}}>
  <styled.div>
    <styled.div />
    <Header switchTheme={[Function]} />
    <Search />
  </styled.div>
</ThemeProvider>"
`;
